sea10__PHASE__0.npz BA 0.8567 (logged 0.8567)
sea10__PHASE__1.npz BA 0.8607 (logged 0.8607)
sea10__PHASE__2.npz BA 0.8605 (logged 0.8605)
sea10__PHASE__3.npz BA 0.8553 (logged 0.8553)
sea10__PHASE__4.npz BA 0.8588 (logged 0.8588)
sea10__PHASE-pooled__0.npz BA 0.8475 (logged 0.8475)
sea10__PHASE-pooled__1.npz BA 0.8488 (logged 0.8488)
sea10__PHASE-pooled__2.npz BA 0.8502 (logged 0.8502)
sea10__PHASE-pooled__3.npz BA 0.8494 (logged 0.8494)
sea10__PHASE-pooled__4.npz BA 0.8520 (logged 0.8520)
sea10__PHASE-noseg__0.npz BA 0.8425 (logged 0.8425)
sea10__PHASE-noseg__1.npz BA 0.8434 (logged 0.8434)
sea10__PHASE-noseg__2.npz BA 0.8440 (logged 0.8440)
sea10__PHASE-noseg__3.npz BA 0.8433 (logged 0.8433)
sea10__PHASE-noseg__4.npz BA 0.8475 (logged 0.8475)
sea10__ROSE__0.npz BA 0.8261 (logged 0.8261)
sea10__ROSE__1.npz BA 0.8301 (logged 0.8301)
sea10__ROSE__2.npz BA 0.8256 (logged 0.8256)
sea10__ROSE__3.npz BA 0.8180 (logged 0.8180)
sea10__ROSE__4.npz BA 0.8236 (logged 0.8236)
sea10__UOB__0.npz BA 0.8289 (logged 0.8289)
sea10__UOB__1.npz BA 0.8320 (logged 0.8320)
sea10__UOB__2.npz BA 0.8309 (logged 0.8309)
sea10__UOB__3.npz BA 0.8316 (logged 0.8316)
sea10__UOB__4.npz BA 0.8354 (logged 0.8354)
sea10__ARF-US__0.npz BA 0.8406 (logged 0.8406)
sea10__ARF-US__1.npz BA 0.8432 (logged 0.8432)
sea10__ARF-US__2.npz BA 0.8404 (logged 0.8404)
sea10__ARF-US__3.npz BA 0.8402 (logged 0.8402)
sea10__ARF-US__4.npz BA 0.8407 (logged 0.8407)
sea5__PHASE__0.npz BA 0.8478 (logged 0.8478)
sea5__PHASE__1.npz BA 0.8446 (logged 0.8446)
sea5__PHASE__2.npz BA 0.8410 (logged 0.8410)
sea5__PHASE__3.npz BA 0.8504 (logged 0.8504)
sea5__PHASE__4.npz BA 0.8527 (logged 0.8527)
sea5__PHASE-pooled__0.npz BA 0.8449 (logged 0.8449)
sea5__PHASE-pooled__1.npz BA 0.8404 (logged 0.8404)
sea5__PHASE-pooled__2.npz BA 0.8362 (logged 0.8362)
sea5__PHASE-pooled__3.npz BA 0.8425 (logged 0.8425)
sea5__PHASE-pooled__4.npz BA 0.8464 (logged 0.8464)
sea5__PHASE-noseg__0.npz BA 0.8420 (logged 0.8420)
sea5__PHASE-noseg__1.npz BA 0.8353 (logged 0.8353)
sea5__PHASE-noseg__2.npz BA 0.8331 (logged 0.8331)
sea5__PHASE-noseg__3.npz BA 0.8400 (logged 0.8400)
sea5__PHASE-noseg__4.npz BA 0.8441 (logged 0.8441)
sea5__ROSE__0.npz BA 0.7711 (logged 0.7711)
sea5__ROSE__1.npz BA 0.7808 (logged 0.7808)
sea5__ROSE__2.npz BA 0.7695 (logged 0.7695)
sea5__ROSE__3.npz BA 0.7749 (logged 0.7749)
sea5__ROSE__4.npz BA 0.7848 (logged 0.7848)
sea5__UOB__0.npz BA 0.8360 (logged 0.8360)
sea5__UOB__1.npz BA 0.8332 (logged 0.8332)
sea5__UOB__2.npz BA 0.8327 (logged 0.8327)
sea5__UOB__3.npz BA 0.8270 (logged 0.8270)
sea5__UOB__4.npz BA 0.8388 (logged 0.8388)
sea5__ARF-US__0.npz BA 0.8364 (logged 0.8364)
sea5__ARF-US__1.npz BA 0.8367 (logged 0.8367)
sea5__ARF-US__2.npz BA 0.8304 (logged 0.8304)
sea5__ARF-US__3.npz BA 0.8312 (logged 0.8312)
sea5__ARF-US__4.npz BA 0.8318 (logged 0.8318)
